------------------------------------------------------------
TimeQuest Timing Analyzer Summary
------------------------------------------------------------

Type  : Slow 1200mV 85C Model Setup 'CLOCK_50'
Slack : -3.697
TNS   : -1512.219

Type  : Slow 1200mV 85C Model Hold 'CLOCK_50'
Slack : 0.294
TNS   : 0.000

Type  : Slow 1200mV 85C Model Recovery 'CLOCK_50'
Slack : -0.677
TNS   : -4.576

Type  : Slow 1200mV 85C Model Removal 'CLOCK_50'
Slack : 1.019
TNS   : 0.000

Type  : Slow 1200mV 85C Model Minimum Pulse Width 'CLOCK_50'
Slack : -3.000
TNS   : -658.350

Type  : Slow 1200mV 0C Model Setup 'CLOCK_50'
Slack : -3.282
TNS   : -1335.881

Type  : Slow 1200mV 0C Model Hold 'CLOCK_50'
Slack : 0.284
TNS   : 0.000

Type  : Slow 1200mV 0C Model Recovery 'CLOCK_50'
Slack : -0.519
TNS   : -3.327

Type  : Slow 1200mV 0C Model Removal 'CLOCK_50'
Slack : 0.928
TNS   : 0.000

Type  : Slow 1200mV 0C Model Minimum Pulse Width 'CLOCK_50'
Slack : -3.000
TNS   : -658.350

Type  : Fast 1200mV 0C Model Setup 'CLOCK_50'
Slack : -1.340
TNS   : -491.955

Type  : Fast 1200mV 0C Model Hold 'CLOCK_50'
Slack : 0.119
TNS   : 0.000

Type  : Fast 1200mV 0C Model Recovery 'CLOCK_50'
Slack : 0.155
TNS   : 0.000

Type  : Fast 1200mV 0C Model Removal 'CLOCK_50'
Slack : 0.485
TNS   : 0.000

Type  : Fast 1200mV 0C Model Minimum Pulse Width 'CLOCK_50'
Slack : -3.000
TNS   : -547.918

------------------------------------------------------------
