------------------------------------------------------------
Timing Analyzer Summary
------------------------------------------------------------

Type  : Slow 1200mV 85C Model Setup 'CLOCK_50'
Slack : -3.176
TNS   : -575.266

Type  : Slow 1200mV 85C Model Hold 'CLOCK_50'
Slack : 0.363
TNS   : 0.000

Type  : Slow 1200mV 85C Model Recovery 'CLOCK_50'
Slack : -0.485
TNS   : -3.395

Type  : Slow 1200mV 85C Model Removal 'CLOCK_50'
Slack : 0.997
TNS   : 0.000

Type  : Slow 1200mV 85C Model Minimum Pulse Width 'CLOCK_50'
Slack : -3.000
TNS   : -280.560

Type  : Slow 1200mV 0C Model Setup 'CLOCK_50'
Slack : -2.824
TNS   : -511.889

Type  : Slow 1200mV 0C Model Hold 'CLOCK_50'
Slack : 0.344
TNS   : 0.000

Type  : Slow 1200mV 0C Model Recovery 'CLOCK_50'
Slack : -0.334
TNS   : -2.338

Type  : Slow 1200mV 0C Model Removal 'CLOCK_50'
Slack : 0.907
TNS   : 0.000

Type  : Slow 1200mV 0C Model Minimum Pulse Width 'CLOCK_50'
Slack : -3.000
TNS   : -280.560

Type  : Fast 1200mV 0C Model Setup 'CLOCK_50'
Slack : -0.987
TNS   : -170.914

Type  : Fast 1200mV 0C Model Hold 'CLOCK_50'
Slack : 0.151
TNS   : 0.000

Type  : Fast 1200mV 0C Model Recovery 'CLOCK_50'
Slack : 0.255
TNS   : 0.000

Type  : Fast 1200mV 0C Model Removal 'CLOCK_50'
Slack : 0.473
TNS   : 0.000

Type  : Fast 1200mV 0C Model Minimum Pulse Width 'CLOCK_50'
Slack : -3.000
TNS   : -282.662

------------------------------------------------------------
